../Src/MCAL/src/stm32f4xx_cryp.c:212:6:CRYP_DeInit	8	static
../Src/MCAL/src/stm32f4xx_cryp.c:228:6:CRYP_Init	16	static
../Src/MCAL/src/stm32f4xx_cryp.c:267:6:CRYP_StructInit	16	static
../Src/MCAL/src/stm32f4xx_cryp.c:289:6:CRYP_KeyInit	16	static
../Src/MCAL/src/stm32f4xx_cryp.c:308:6:CRYP_KeyStructInit	16	static
../Src/MCAL/src/stm32f4xx_cryp.c:326:6:CRYP_IVInit	16	static
../Src/MCAL/src/stm32f4xx_cryp.c:340:6:CRYP_IVStructInit	16	static
../Src/MCAL/src/stm32f4xx_cryp.c:359:6:CRYP_PhaseConfig	24	static
../Src/MCAL/src/stm32f4xx_cryp.c:384:6:CRYP_FIFOFlush	4	static
../Src/MCAL/src/stm32f4xx_cryp.c:396:6:CRYP_Cmd	16	static
../Src/MCAL/src/stm32f4xx_cryp.c:439:6:CRYP_DataIn	16	static
../Src/MCAL/src/stm32f4xx_cryp.c:449:10:CRYP_DataOut	4	static
../Src/MCAL/src/stm32f4xx_cryp.c:490:13:CRYP_SaveContext	32	static
../Src/MCAL/src/stm32f4xx_cryp.c:595:6:CRYP_RestoreContext	16	static
../Src/MCAL/src/stm32f4xx_cryp.c:674:6:CRYP_DMACmd	16	static
../Src/MCAL/src/stm32f4xx_cryp.c:792:6:CRYP_ITConfig	16	static
../Src/MCAL/src/stm32f4xx_cryp.c:820:10:CRYP_GetITStatus	24	static
../Src/MCAL/src/stm32f4xx_cryp.c:846:17:CRYP_GetCmdStatus	16	static
../Src/MCAL/src/stm32f4xx_cryp.c:876:12:CRYP_GetFlagStatus	24	static
