../Src/MCAL/src/stm32f4xx_rtc.c:368:13:RTC_DeInit	24	static
../Src/MCAL/src/stm32f4xx_rtc.c:450:13:RTC_Init	24	static
../Src/MCAL/src/stm32f4xx_rtc.c:496:6:RTC_StructInit	16	static
../Src/MCAL/src/stm32f4xx_rtc.c:518:6:RTC_WriteProtectionCmd	16	static
../Src/MCAL/src/stm32f4xx_rtc.c:545:13:RTC_EnterInitMode	24	static
../Src/MCAL/src/stm32f4xx_rtc.c:590:6:RTC_ExitInitMode	4	static
../Src/MCAL/src/stm32f4xx_rtc.c:612:13:RTC_WaitForSynchro	24	static
../Src/MCAL/src/stm32f4xx_rtc.c:655:13:RTC_RefClockCmd	24	static
../Src/MCAL/src/stm32f4xx_rtc.c:703:6:RTC_BypassShadowCmd	16	static
../Src/MCAL/src/stm32f4xx_rtc.c:758:13:RTC_SetTime	32	static
../Src/MCAL/src/stm32f4xx_rtc.c:861:6:RTC_TimeStructInit	16	static
../Src/MCAL/src/stm32f4xx_rtc.c:880:6:RTC_GetTime	24	static
../Src/MCAL/src/stm32f4xx_rtc.c:913:10:RTC_GetSubSecond	16	static
../Src/MCAL/src/stm32f4xx_rtc.c:938:13:RTC_SetDate	32	static
../Src/MCAL/src/stm32f4xx_rtc.c:1029:6:RTC_DateStructInit	16	static
../Src/MCAL/src/stm32f4xx_rtc.c:1048:6:RTC_GetDate	24	static
../Src/MCAL/src/stm32f4xx_rtc.c:1108:6:RTC_SetAlarm	40	static
../Src/MCAL/src/stm32f4xx_rtc.c:1219:6:RTC_AlarmStructInit	16	static
../Src/MCAL/src/stm32f4xx_rtc.c:1249:6:RTC_GetAlarm	32	static
../Src/MCAL/src/stm32f4xx_rtc.c:1303:13:RTC_AlarmCmd	32	static
../Src/MCAL/src/stm32f4xx_rtc.c:1397:6:RTC_AlarmSubSecondConfig	32	static
../Src/MCAL/src/stm32f4xx_rtc.c:1438:10:RTC_GetAlarmSubSecond	24	static
../Src/MCAL/src/stm32f4xx_rtc.c:1487:6:RTC_WakeUpClockConfig	16	static
../Src/MCAL/src/stm32f4xx_rtc.c:1514:6:RTC_SetWakeUpCounter	16	static
../Src/MCAL/src/stm32f4xx_rtc.c:1535:10:RTC_GetWakeUpCounter	4	static
../Src/MCAL/src/stm32f4xx_rtc.c:1547:13:RTC_WakeUpCmd	32	static
../Src/MCAL/src/stm32f4xx_rtc.c:1624:6:RTC_DayLightSavingConfig	16	static
../Src/MCAL/src/stm32f4xx_rtc.c:1651:10:RTC_GetStoreOperation	4	static
../Src/MCAL/src/stm32f4xx_rtc.c:1690:6:RTC_OutputConfig	16	static
../Src/MCAL/src/stm32f4xx_rtc.c:1744:13:RTC_CoarseCalibConfig	24	static
../Src/MCAL/src/stm32f4xx_rtc.c:1785:13:RTC_CoarseCalibCmd	24	static
../Src/MCAL/src/stm32f4xx_rtc.c:1831:6:RTC_CalibOutputCmd	16	static
../Src/MCAL/src/stm32f4xx_rtc.c:1863:6:RTC_CalibOutputConfig	16	static
../Src/MCAL/src/stm32f4xx_rtc.c:1899:13:RTC_SmoothCalibConfig	32	static
../Src/MCAL/src/stm32f4xx_rtc.c:1975:6:RTC_TimeStampCmd	24	static
../Src/MCAL/src/stm32f4xx_rtc.c:2019:6:RTC_GetTimeStamp	32	static
../Src/MCAL/src/stm32f4xx_rtc.c:2063:10:RTC_GetTimeStampSubSecond	4	static
../Src/MCAL/src/stm32f4xx_rtc.c:2098:6:RTC_TamperTriggerConfig	16	static
../Src/MCAL/src/stm32f4xx_rtc.c:2124:6:RTC_TamperCmd	16	static
../Src/MCAL/src/stm32f4xx_rtc.c:2155:6:RTC_TamperFilterConfig	16	static
../Src/MCAL/src/stm32f4xx_rtc.c:2189:6:RTC_TamperSamplingFreqConfig	16	static
../Src/MCAL/src/stm32f4xx_rtc.c:2212:6:RTC_TamperPinsPrechargeDuration	16	static
../Src/MCAL/src/stm32f4xx_rtc.c:2232:6:RTC_TimeStampOnTamperDetectionCmd	16	static
../Src/MCAL/src/stm32f4xx_rtc.c:2255:6:RTC_TamperPullUpCmd	16	static
../Src/MCAL/src/stm32f4xx_rtc.c:2296:6:RTC_WriteBackupRegister	24	static
../Src/MCAL/src/stm32f4xx_rtc.c:2317:10:RTC_ReadBackupRegister	24	static
../Src/MCAL/src/stm32f4xx_rtc.c:2356:6:RTC_TamperPinSelection	16	static
../Src/MCAL/src/stm32f4xx_rtc.c:2373:6:RTC_TimeStampPinSelection	16	static
../Src/MCAL/src/stm32f4xx_rtc.c:2392:6:RTC_OutputTypeConfig	16	static
../Src/MCAL/src/stm32f4xx_rtc.c:2430:13:RTC_SynchroShiftConfig	24	static
../Src/MCAL/src/stm32f4xx_rtc.c:2550:6:RTC_ITConfig	16	static
../Src/MCAL/src/stm32f4xx_rtc.c:2599:12:RTC_GetFlagStatus	24	static
../Src/MCAL/src/stm32f4xx_rtc.c:2636:6:RTC_ClearFlag	16	static
../Src/MCAL/src/stm32f4xx_rtc.c:2657:10:RTC_GetITStatus	32	static
../Src/MCAL/src/stm32f4xx_rtc.c:2698:6:RTC_ClearITPendingBit	24	static
../Src/MCAL/src/stm32f4xx_rtc.c:2721:16:RTC_ByteToBcd2	24	static
../Src/MCAL/src/stm32f4xx_rtc.c:2739:16:RTC_Bcd2ToByte	24	static
