../Src/MCAL/src/stm32f4xx_spi.c:217:6:SPI_I2S_DeInit	16	static
../Src/MCAL/src/stm32f4xx_spi.c:277:6:SPI_Init	24	static
../Src/MCAL/src/stm32f4xx_spi.c:344:6:I2S_Init	48	static
../Src/MCAL/src/stm32f4xx_spi.c:497:6:SPI_StructInit	16	static
../Src/MCAL/src/stm32f4xx_spi.c:525:6:I2S_StructInit	16	static
../Src/MCAL/src/stm32f4xx_spi.c:554:6:SPI_Cmd	16	static
../Src/MCAL/src/stm32f4xx_spi.c:579:6:I2S_Cmd	16	static
../Src/MCAL/src/stm32f4xx_spi.c:606:6:SPI_DataSizeConfig	16	static
../Src/MCAL/src/stm32f4xx_spi.c:626:6:SPI_BiDirectionalLineConfig	16	static
../Src/MCAL/src/stm32f4xx_spi.c:652:6:SPI_NSSInternalSoftwareConfig	16	static
../Src/MCAL/src/stm32f4xx_spi.c:676:6:SPI_SSOutputCmd	16	static
../Src/MCAL/src/stm32f4xx_spi.c:707:6:SPI_TIModeCmd	16	static
../Src/MCAL/src/stm32f4xx_spi.c:744:6:I2S_FullDuplexConfig	24	static
../Src/MCAL/src/stm32f4xx_spi.c:818:10:SPI_I2S_ReceiveData	16	static
../Src/MCAL/src/stm32f4xx_spi.c:834:6:SPI_I2S_SendData	16	static
../Src/MCAL/src/stm32f4xx_spi.c:928:6:SPI_CalculateCRC	16	static
../Src/MCAL/src/stm32f4xx_spi.c:950:6:SPI_TransmitCRC	16	static
../Src/MCAL/src/stm32f4xx_spi.c:968:10:SPI_GetCRC	24	static
../Src/MCAL/src/stm32f4xx_spi.c:993:10:SPI_GetCRCPolynomial	16	static
../Src/MCAL/src/stm32f4xx_spi.c:1030:6:SPI_I2S_DMACmd	16	static
../Src/MCAL/src/stm32f4xx_spi.c:1138:6:SPI_I2S_ITConfig	24	static
../Src/MCAL/src/stm32f4xx_spi.c:1182:12:SPI_I2S_GetFlagStatus	24	static
../Src/MCAL/src/stm32f4xx_spi.c:1223:6:SPI_I2S_ClearFlag	16	static
../Src/MCAL/src/stm32f4xx_spi.c:1248:10:SPI_I2S_GetITStatus	24	static
../Src/MCAL/src/stm32f4xx_spi.c:1303:6:SPI_I2S_ClearITPendingBit	24	static
