../Src/MCAL/src/stm32f4xx_hash.c:164:6:HASH_DeInit	8	static
../Src/MCAL/src/stm32f4xx_hash.c:184:6:HASH_Init	16	static
../Src/MCAL/src/stm32f4xx_hash.c:218:6:HASH_StructInit	16	static
../Src/MCAL/src/stm32f4xx_hash.c:242:6:HASH_Reset	4	static
../Src/MCAL/src/stm32f4xx_hash.c:284:6:HASH_SetLastWordValidBitsNbr	16	static
../Src/MCAL/src/stm32f4xx_hash.c:299:6:HASH_DataIn	16	static
../Src/MCAL/src/stm32f4xx_hash.c:310:9:HASH_GetInFIFOWordsNbr	4	static
../Src/MCAL/src/stm32f4xx_hash.c:328:6:HASH_GetDigest	16	static
../Src/MCAL/src/stm32f4xx_hash.c:346:6:HASH_StartDigest	4	static
../Src/MCAL/src/stm32f4xx_hash.c:389:6:HASH_SaveContext	24	static
../Src/MCAL/src/stm32f4xx_hash.c:411:6:HASH_RestoreContext	24	static
../Src/MCAL/src/stm32f4xx_hash.c:458:6:HASH_AutoStartDigest	16	static
../Src/MCAL/src/stm32f4xx_hash.c:482:6:HASH_DMACmd	16	static
../Src/MCAL/src/stm32f4xx_hash.c:574:6:HASH_ITConfig	16	static
../Src/MCAL/src/stm32f4xx_hash.c:603:12:HASH_GetFlagStatus	24	static
../Src/MCAL/src/stm32f4xx_hash.c:644:6:HASH_ClearFlag	16	static
../Src/MCAL/src/stm32f4xx_hash.c:660:10:HASH_GetITStatus	24	static
../Src/MCAL/src/stm32f4xx_hash.c:694:6:HASH_ClearITPendingBit	16	static
